--------------------------------------------------------------------------------
Release 14.7 Trace  (nt64)
Copyright (c) 1995-2013 Xilinx, Inc.  All rights reserved.

C:\Xilinx\14.7\ISE_DS\ISE\bin\nt64\unwrapped\trce.exe -intstyle ise -v 3 -s 3
-n 3 -fastpaths -xml main.twx main.ncd -o main.twr main.pcf

Design file:              main.ncd
Physical constraint file: main.pcf
Device,package,speed:     xc7a100t,csg324,C,-3 (PRODUCTION 1.10 2013-10-13)
Report level:             verbose report

Environment Variable      Effect 
--------------------      ------ 
NONE                      No environment variables were set
--------------------------------------------------------------------------------

INFO:Timing:2698 - No timing constraints found, doing default enumeration.
INFO:Timing:3412 - To improve timing, see the Timing Closure User Guide (UG612).
INFO:Timing:2752 - To get complete path coverage, use the unconstrained paths 
   option. All paths that are not constrained will be reported in the 
   unconstrained paths section(s) of the report.
INFO:Timing:3339 - The clock-to-out numbers in this timing report are based on 
   a 50 Ohm transmission line loading model.  For the details of this model, 
   and for more information on accounting for different loading conditions, 
   please see the device datasheet.



Data Sheet report:
-----------------
All values displayed in nanoseconds (ns)

Pad to Pad
---------------+---------------+---------+
Source Pad     |Destination Pad|  Delay  |
---------------+---------------+---------+
A<0>           |EQ             |    5.685|
A<0>           |GT             |    5.583|
A<0>           |LT             |    5.907|
A<1>           |EQ             |    5.537|
A<1>           |GT             |    5.682|
A<1>           |LT             |    5.994|
A<2>           |EQ             |    5.569|
A<2>           |GT             |    5.456|
A<2>           |LT             |    5.493|
A<3>           |EQ             |    5.166|
A<3>           |GT             |    5.395|
A<3>           |LT             |    5.273|
B<0>           |EQ             |    5.836|
B<0>           |GT             |    5.663|
B<0>           |LT             |    5.971|
B<1>           |EQ             |    5.661|
B<1>           |GT             |    5.374|
B<1>           |LT             |    5.690|
B<2>           |EQ             |    5.129|
B<2>           |GT             |    5.167|
B<2>           |LT             |    5.405|
B<3>           |EQ             |    5.428|
B<3>           |GT             |    5.449|
B<3>           |LT             |    5.537|
---------------+---------------+---------+


Analysis completed Thu May 08 19:52:36 2025 
--------------------------------------------------------------------------------

Trace Settings:
-------------------------
Trace Settings 

Peak Memory Usage: 609 MB



